INFO:root:Taking off to 0.2 m
INFO:root:Arming all Crazyflies (t=9.06s)
INFO:root:Taking off all Crazyflies (t=11.06s)
INFO:root:Going out (t=14.06s)
INFO:root:Landing all Crazyflies (t=26.56s)
INFO:root:Landed (t=30.56s)
INFO:root:Taking off to 0.2 m
INFO:root:Arming all Crazyflies (t=9.77s)
INFO:root:Taking off all Crazyflies (t=11.77s)
INFO:root:Going out (t=14.77s)
INFO:root:Landing all Crazyflies (t=27.27s)
INFO:root:Landed (t=31.27s)
INFO:root:Taking off to 0.2 m
INFO:root:Arming all Crazyflies (t=8.20s)
INFO:root:Taking off all Crazyflies (t=10.20s)
INFO:root:Going out (t=13.21s)
INFO:root:Landing all Crazyflies (t=25.71s)
INFO:root:Landed (t=29.71s)
INFO:root:Taking off to 0.3 m
INFO:root:Arming all Crazyflies (t=7.80s)
INFO:root:Taking off all Crazyflies (t=9.80s)
INFO:root:Going out (t=12.80s)
INFO:root:Landing all Crazyflies (t=25.30s)
INFO:root:Landed (t=29.30s)
INFO:root:Taking off to 0.3 m
INFO:root:Arming all Crazyflies (t=7.62s)
INFO:root:Taking off all Crazyflies (t=9.62s)
INFO:root:Going out (t=12.62s)
INFO:root:Landing all Crazyflies (t=25.12s)
INFO:root:Landed (t=29.12s)
INFO:root:Taking off to 0.3 m
INFO:root:Arming all Crazyflies (t=9.53s)
INFO:root:Taking off all Crazyflies (t=11.53s)
INFO:root:Taking off to 0.2 m
INFO:root:Arming all Crazyflies (t=10.98s)
INFO:root:Taking off all Crazyflies (t=12.98s)
INFO:root:Going out (t=15.98s)
INFO:root:Landing all Crazyflies (t=28.48s)
INFO:root:Landed (t=32.48s)
INFO:root:Taking off to 0.2 m
INFO:root:Arming all Crazyflies (t=8.29s)
INFO:root:Taking off all Crazyflies (t=10.29s)
INFO:root:Going out (t=13.29s)
INFO:root:Landing all Crazyflies (t=25.79s)
INFO:root:Landed (t=29.79s)
INFO:root:Taking off to 0.2 m
INFO:root:Arming all Crazyflies (t=11.07s)
INFO:root:Taking off all Crazyflies (t=13.07s)
INFO:root:Going out (t=16.07s)
INFO:root:Landing all Crazyflies (t=28.57s)
INFO:root:Landed (t=32.57s)
INFO:root:Taking off to 0.2 m
INFO:root:Arming all Crazyflies (t=7.61s)
INFO:root:Taking off all Crazyflies (t=9.61s)
INFO:root:Going out (t=12.61s)
INFO:root:Landing all Crazyflies (t=25.11s)
INFO:root:Landed (t=29.11s)
INFO:root:Taking off to 0.2 m
INFO:root:Arming all Crazyflies (t=8.25s)
INFO:root:Taking off all Crazyflies (t=10.25s)
INFO:root:Going out (t=13.25s)
INFO:root:Landing all Crazyflies (t=25.75s)
INFO:root:Taking off to 0.2 m
INFO:root:Arming all Crazyflies (t=8.78s)
INFO:root:Taking off all Crazyflies (t=10.78s)
INFO:root:Going out (t=13.78s)
INFO:root:Landing all Crazyflies (t=26.28s)
INFO:root:Landed (t=30.28s)
INFO:root:Taking off to 0.2 m
INFO:root:Arming all Crazyflies (t=9.97s)
INFO:root:Taking off all Crazyflies (t=11.97s)
INFO:root:Going out (t=14.97s)
INFO:root:Landing all Crazyflies (t=27.47s)
INFO:root:Landed (t=31.47s)
INFO:root:Taking off to 0.3 m
INFO:root:Arming all Crazyflies (t=8.10s)
INFO:root:Taking off all Crazyflies (t=10.10s)
INFO:root:Going out (t=13.11s)
INFO:root:Landing all Crazyflies (t=25.61s)
INFO:root:Landed (t=29.61s)
INFO:root:Taking off to 0.3 m
INFO:root:Arming all Crazyflies (t=12.98s)
INFO:root:Taking off all Crazyflies (t=14.98s)
INFO:root:Going out (t=17.98s)
INFO:root:Landing all Crazyflies (t=30.48s)
INFO:root:Landed (t=34.48s)
INFO:root:Taking off to 0.3 m
INFO:root:Arming all Crazyflies (t=18.05s)
INFO:root:Taking off all Crazyflies (t=20.05s)
INFO:root:Going out (t=23.05s)
INFO:root:Landing all Crazyflies (t=35.55s)
INFO:root:Landed (t=39.55s)
INFO:root:Taking off to 0.2 m
INFO:root:Arming all Crazyflies (t=7.47s)
INFO:root:Taking off all Crazyflies (t=9.48s)
INFO:root:Going out (t=12.48s)
INFO:root:Landing all Crazyflies (t=24.98s)
INFO:root:Landed (t=28.98s)
INFO:root:Taking off to 0.2 m
INFO:root:Arming all Crazyflies (t=12.94s)
INFO:root:Taking off all Crazyflies (t=14.94s)
INFO:root:Going out (t=17.94s)
INFO:root:Landing all Crazyflies (t=30.44s)
INFO:root:Landed (t=34.44s)
INFO:root:Taking off to 0.2 m
INFO:root:Arming all Crazyflies (t=8.48s)
INFO:root:Taking off all Crazyflies (t=10.48s)
INFO:root:Going out (t=13.48s)
INFO:root:Landing all Crazyflies (t=25.98s)
INFO:root:Landed (t=29.98s)
INFO:root:Taking off to 0.2 m
INFO:root:Arming all Crazyflies (t=15.72s)
INFO:root:Taking off all Crazyflies (t=17.72s)
INFO:root:Going out (t=20.72s)
INFO:root:Landing all Crazyflies (t=33.23s)
INFO:root:Landed (t=37.23s)
INFO:root:Taking off to 0.2 m
INFO:root:Arming all Crazyflies (t=7.76s)
INFO:root:Taking off all Crazyflies (t=9.76s)
INFO:root:Going out (t=12.76s)
INFO:root:Landing all Crazyflies (t=25.26s)
INFO:root:Landed (t=29.26s)
INFO:root:Taking off to 0.2 m
INFO:root:Arming all Crazyflies (t=14.58s)
INFO:root:Taking off all Crazyflies (t=16.58s)
INFO:root:Going out (t=19.58s)
INFO:root:Landing all Crazyflies (t=32.08s)
INFO:root:Landed (t=36.09s)
INFO:root:Taking off to 0.2 m
INFO:root:Arming all Crazyflies (t=8.09s)
INFO:root:Taking off all Crazyflies (t=10.09s)
INFO:root:Going out (t=13.09s)
INFO:root:Landing all Crazyflies (t=25.60s)
INFO:root:Landed (t=29.60s)
INFO:root:Taking off to 0.2 m
INFO:root:Arming all Crazyflies (t=8.37s)
INFO:root:Taking off all Crazyflies (t=10.40s)
INFO:root:Going out (t=13.41s)
INFO:root:Taking off to 0.2 m
INFO:root:Arming all Crazyflies (t=7.79s)
INFO:root:Taking off all Crazyflies (t=11.79s)
INFO:root:Going out (t=14.79s)
INFO:root:Landing all Crazyflies (t=26.29s)
INFO:root:Taking off to 0.2 m
INFO:root:Arming all Crazyflies (t=10.90s)
INFO:root:Taking off all Crazyflies (t=14.90s)
INFO:root:Going out (t=17.90s)
INFO:root:Landing all Crazyflies (t=29.40s)
INFO:root:Landed (t=33.40s)
INFO:root:Taking off to 0.2 m
INFO:root:Arming all Crazyflies (t=7.99s)
INFO:root:Taking off all Crazyflies (t=11.99s)
INFO:root:Going out (t=14.99s)
INFO:root:Landing all Crazyflies (t=24.49s)
INFO:root:Landed (t=28.49s)
INFO:root:Taking off to 0.2 m
INFO:root:Arming all Crazyflies (t=10.18s)
INFO:root:Taking off all Crazyflies (t=14.18s)
INFO:root:Going out (t=17.18s)
INFO:root:Landing all Crazyflies (t=26.68s)
INFO:root:Landed (t=30.68s)
INFO:root:Taking off to 0.3 m
INFO:root:Arming all Crazyflies (t=8.07s)
INFO:root:Taking off all Crazyflies (t=12.07s)
INFO:root:Going out (t=15.07s)
INFO:root:Landing all Crazyflies (t=24.57s)
INFO:root:Landed (t=28.57s)
INFO:root:Taking off to 0.3 m
INFO:root:Arming all Crazyflies (t=8.20s)
INFO:root:Taking off all Crazyflies (t=12.20s)
INFO:root:Going out (t=15.20s)
INFO:root:Landing all Crazyflies (t=24.70s)
INFO:root:Landed (t=28.70s)
INFO:root:Taking off to 0.2 m
INFO:root:Arming all Crazyflies (t=8.01s)
INFO:root:Taking off all Crazyflies (t=12.01s)
INFO:root:Going out (t=15.01s)
INFO:root:Landing all Crazyflies (t=24.51s)
INFO:root:Landed (t=28.52s)
INFO:root:Taking off to 0.2 m
INFO:root:Arming all Crazyflies (t=8.82s)
INFO:root:Taking off all Crazyflies (t=12.83s)
INFO:root:Going out (t=15.83s)
INFO:root:Landing all Crazyflies (t=25.33s)
INFO:root:Landed (t=29.33s)
INFO:root:Taking off to 0.2 m
INFO:root:Arming all Crazyflies (t=15.35s)
INFO:root:Taking off all Crazyflies (t=26.42s)
INFO:root:Going out (t=35.15s)
INFO:root:Landing all Crazyflies (t=62.74s)
INFO:root:Landed (t=75.33s)
INFO:root:Taking off to 0.2 m
INFO:root:Arming all Crazyflies (t=1091.20s)
INFO:root:Taking off all Crazyflies (t=1095.20s)
INFO:root:Taking off to 0.2 m
INFO:root:Arming all Crazyflies (t=12.99s)
INFO:root:Going out (t=1098.20s)
INFO:root:Taking off all Crazyflies (t=22.74s)
INFO:root:Landing all Crazyflies (t=1107.70s)
INFO:root:Landed (t=1111.70s)
INFO:root:Going out (t=29.62s)
INFO:root:Landing all Crazyflies (t=50.48s)
INFO:root:Landed (t=58.39s)
INFO:root:Taking off to 0.2 m
INFO:root:Arming all Crazyflies (t=10.99s)
INFO:root:Taking off all Crazyflies (t=19.04s)
INFO:root:Going out (t=25.47s)
INFO:root:Landing all Crazyflies (t=46.43s)
INFO:root:Landed (t=55.24s)
INFO:root:Taking off to 0.2 m
INFO:root:Arming all Crazyflies (t=9.36s)
INFO:root:Taking off all Crazyflies (t=15.75s)
INFO:root:Going out (t=20.68s)
INFO:root:Landing all Crazyflies (t=37.01s)
INFO:root:Landed (t=43.73s)
INFO:root:Taking off to 0.2 m
INFO:root:Arming all Crazyflies (t=0.20s)
INFO:root:Taking off all Crazyflies (t=8.15s)
INFO:root:Going out (t=14.41s)
INFO:root:Taking off to 0.2 m
INFO:root:Arming all Crazyflies (t=2.16s)
INFO:root:Taking off all Crazyflies (t=12.33s)
INFO:root:Landing all Crazyflies (t=36.44s)
INFO:root:Going out (t=19.29s)
INFO:root:Landed (t=45.13s)
INFO:root:Landing all Crazyflies (t=37.31s)
INFO:root:Landed (t=44.77s)
INFO:root:Taking off to 0.2 m
INFO:root:Arming all Crazyflies (t=12.17s)
INFO:root:Taking off all Crazyflies (t=21.69s)
INFO:root:Going out (t=28.59s)
INFO:root:Landing all Crazyflies (t=47.95s)
INFO:root:Landed (t=56.07s)
INFO:root:Taking off to 0.2 m
INFO:root:Arming all Crazyflies (t=3.80s)
INFO:root:Taking off all Crazyflies (t=3.80s)
INFO:root:Taking off to 0.2 m
INFO:root:Arming all Crazyflies (t=1.84s)
INFO:root:Taking off to 0.2 m
INFO:root:Arming all Crazyflies (t=2.64s)
INFO:root:Taking off to 0.2 m
INFO:root:Arming all Crazyflies (t=3.30s)
INFO:root:Taking off all Crazyflies (t=3.30s)
INFO:root:Going out (t=21.65s)
INFO:root:Taking off to 0.2 m
INFO:root:Arming all Crazyflies (t=2.09s)
INFO:root:Taking off all Crazyflies (t=38.40s)
INFO:root:Taking off to 0.2 m
INFO:root:Arming all Crazyflies (t=1.50s)
INFO:root:Taking off all Crazyflies (t=1.50s)
INFO:root:Going out (t=15.15s)
INFO:root:Taking off to 0.2 m
INFO:root:Arming all Crazyflies (t=9.65s)
INFO:root:Taking off all Crazyflies (t=13.65s)
INFO:root:Going out (t=16.65s)
INFO:root:Landing all Crazyflies (t=26.15s)
INFO:root:Landed (t=30.16s)
INFO:root:Taking off to 0.2 m
INFO:root:Arming all Crazyflies (t=9.25s)
INFO:root:Taking off all Crazyflies (t=13.25s)
INFO:root:Going out (t=16.25s)
INFO:root:Landing all Crazyflies (t=27.75s)
INFO:root:Taking off to 0.2 m
INFO:root:Arming all Crazyflies (t=11.06s)
INFO:root:Taking off all Crazyflies (t=15.06s)
INFO:root:Going out (t=18.06s)
INFO:root:Landing all Crazyflies (t=29.56s)
INFO:root:Landed (t=33.57s)
INFO:root:Taking off to 0.2 m
INFO:root:Arming all Crazyflies (t=8.55s)
INFO:root:Taking off all Crazyflies (t=12.55s)
INFO:root:Going out (t=15.55s)
INFO:root:Landing all Crazyflies (t=27.05s)
INFO:root:Landed (t=31.05s)
INFO:root:Taking off to 0.2 m
INFO:root:Arming all Crazyflies (t=9.00s)
INFO:root:Taking off all Crazyflies (t=13.00s)
INFO:root:Going out (t=16.00s)
INFO:root:Landing all Crazyflies (t=27.50s)
INFO:root:Landed (t=31.50s)
INFO:root:Taking off to 0.2 m
INFO:root:Arming all Crazyflies (t=10.35s)
INFO:root:Taking off all Crazyflies (t=14.36s)
INFO:root:Going out (t=17.36s)
INFO:root:Landing all Crazyflies (t=28.86s)
INFO:root:Landed (t=32.86s)
INFO:root:Taking off to 0.2 m
INFO:root:Arming all Crazyflies (t=9.75s)
INFO:root:Taking off all Crazyflies (t=13.75s)
INFO:root:Going out (t=16.75s)
INFO:root:Landing all Crazyflies (t=26.26s)
INFO:root:Landed (t=30.26s)
INFO:root:Taking off to 0.3 m
INFO:root:Arming all Crazyflies (t=7.48s)
INFO:root:Taking off all Crazyflies (t=11.48s)
INFO:root:Going out (t=14.48s)
INFO:root:Landing all Crazyflies (t=21.98s)
INFO:root:Landed (t=25.98s)
INFO:root:Taking off to 0.2 m
INFO:root:Arming all Crazyflies (t=9.19s)
INFO:root:Taking off all Crazyflies (t=13.19s)
INFO:root:Going Upper (t=16.19s)
INFO:root:Going out (t=17.19s)
INFO:root:Landing all Crazyflies (t=24.69s)
INFO:root:Landed (t=28.69s)
INFO:root:Taking off to 0.3 m
INFO:root:Arming all Crazyflies (t=10.10s)
INFO:root:Taking off all Crazyflies (t=14.10s)
INFO:root:Going Upper (t=17.10s)
INFO:root:Going out (t=18.10s)
INFO:root:Landing all Crazyflies (t=25.60s)
INFO:root:Landed (t=29.60s)
INFO:root:Taking off to 0.3 m
INFO:root:Arming all Crazyflies (t=8.55s)
INFO:root:Taking off all Crazyflies (t=12.55s)
INFO:root:Going Upper (t=15.55s)
INFO:root:Going out (t=16.55s)
INFO:root:Landing all Crazyflies (t=24.05s)
INFO:root:Landed (t=28.05s)
